------------------------------------------------------------
Timing Analyzer Summary
------------------------------------------------------------

Type  : Slow 1100mV 85C Model Setup 'divisorGenerico:BaseTempo|tick'
Slack : -162.149
TNS   : -90483.003

Type  : Slow 1100mV 85C Model Setup 'CLOCK_50'
Slack : -5.406
TNS   : -102.270

Type  : Slow 1100mV 85C Model Hold 'CLOCK_50'
Slack : 0.441
TNS   : 0.000

Type  : Slow 1100mV 85C Model Hold 'divisorGenerico:BaseTempo|tick'
Slack : 1.417
TNS   : 0.000

Type  : Slow 1100mV 85C Model Minimum Pulse Width 'divisorGenerico:BaseTempo|tick'
Slack : -0.538
TNS   : -939.644

Type  : Slow 1100mV 85C Model Minimum Pulse Width 'CLOCK_50'
Slack : -0.538
TNS   : -24.772

Type  : Slow 1100mV 0C Model Setup 'divisorGenerico:BaseTempo|tick'
Slack : -162.820
TNS   : -91408.558

Type  : Slow 1100mV 0C Model Setup 'CLOCK_50'
Slack : -5.568
TNS   : -102.292

Type  : Slow 1100mV 0C Model Hold 'CLOCK_50'
Slack : 0.447
TNS   : 0.000

Type  : Slow 1100mV 0C Model Hold 'divisorGenerico:BaseTempo|tick'
Slack : 1.312
TNS   : 0.000

Type  : Slow 1100mV 0C Model Minimum Pulse Width 'divisorGenerico:BaseTempo|tick'
Slack : -0.538
TNS   : -928.032

Type  : Slow 1100mV 0C Model Minimum Pulse Width 'CLOCK_50'
Slack : -0.538
TNS   : -25.422

Type  : Fast 1100mV 85C Model Setup 'divisorGenerico:BaseTempo|tick'
Slack : -83.427
TNS   : -45702.867

Type  : Fast 1100mV 85C Model Setup 'CLOCK_50'
Slack : -2.809
TNS   : -36.800

Type  : Fast 1100mV 85C Model Hold 'CLOCK_50'
Slack : 0.203
TNS   : 0.000

Type  : Fast 1100mV 85C Model Hold 'divisorGenerico:BaseTempo|tick'
Slack : 0.562
TNS   : 0.000

Type  : Fast 1100mV 85C Model Minimum Pulse Width 'CLOCK_50'
Slack : -0.363
TNS   : -3.264

Type  : Fast 1100mV 85C Model Minimum Pulse Width 'divisorGenerico:BaseTempo|tick'
Slack : -0.138
TNS   : -34.318

Type  : Fast 1100mV 0C Model Setup 'divisorGenerico:BaseTempo|tick'
Slack : -75.997
TNS   : -41736.584

Type  : Fast 1100mV 0C Model Setup 'CLOCK_50'
Slack : -2.536
TNS   : -31.845

Type  : Fast 1100mV 0C Model Hold 'CLOCK_50'
Slack : 0.187
TNS   : 0.000

Type  : Fast 1100mV 0C Model Hold 'divisorGenerico:BaseTempo|tick'
Slack : 0.515
TNS   : 0.000

Type  : Fast 1100mV 0C Model Minimum Pulse Width 'CLOCK_50'
Slack : -0.354
TNS   : -3.308

Type  : Fast 1100mV 0C Model Minimum Pulse Width 'divisorGenerico:BaseTempo|tick'
Slack : -0.069
TNS   : -8.912

------------------------------------------------------------
