------------------------------------------------------------
Timing Analyzer Summary
------------------------------------------------------------

Type  : Slow 1100mV 85C Model Setup 'divisorGenerico:BaseTempo|tick'
Slack : -12.903
TNS   : -4900.083

Type  : Slow 1100mV 85C Model Setup 'CLOCK_50'
Slack : -4.714
TNS   : -99.462

Type  : Slow 1100mV 85C Model Hold 'CLOCK_50'
Slack : 0.445
TNS   : 0.000

Type  : Slow 1100mV 85C Model Hold 'divisorGenerico:BaseTempo|tick'
Slack : 0.540
TNS   : 0.000

Type  : Slow 1100mV 85C Model Minimum Pulse Width 'divisorGenerico:BaseTempo|tick'
Slack : -0.538
TNS   : -536.491

Type  : Slow 1100mV 85C Model Minimum Pulse Width 'CLOCK_50'
Slack : -0.538
TNS   : -27.010

Type  : Slow 1100mV 0C Model Setup 'divisorGenerico:BaseTempo|tick'
Slack : -12.599
TNS   : -4818.706

Type  : Slow 1100mV 0C Model Setup 'CLOCK_50'
Slack : -4.737
TNS   : -97.443

Type  : Slow 1100mV 0C Model Hold 'CLOCK_50'
Slack : 0.450
TNS   : 0.000

Type  : Slow 1100mV 0C Model Hold 'divisorGenerico:BaseTempo|tick'
Slack : 0.551
TNS   : 0.000

Type  : Slow 1100mV 0C Model Minimum Pulse Width 'divisorGenerico:BaseTempo|tick'
Slack : -0.538
TNS   : -525.949

Type  : Slow 1100mV 0C Model Minimum Pulse Width 'CLOCK_50'
Slack : -0.538
TNS   : -27.723

Type  : Fast 1100mV 85C Model Setup 'divisorGenerico:BaseTempo|tick'
Slack : -6.073
TNS   : -2438.758

Type  : Fast 1100mV 85C Model Setup 'CLOCK_50'
Slack : -2.582
TNS   : -38.092

Type  : Fast 1100mV 85C Model Hold 'CLOCK_50'
Slack : 0.203
TNS   : 0.000

Type  : Fast 1100mV 85C Model Hold 'divisorGenerico:BaseTempo|tick'
Slack : 0.255
TNS   : 0.000

Type  : Fast 1100mV 85C Model Minimum Pulse Width 'CLOCK_50'
Slack : -0.305
TNS   : -3.475

Type  : Fast 1100mV 85C Model Minimum Pulse Width 'divisorGenerico:BaseTempo|tick'
Slack : -0.092
TNS   : -13.095

Type  : Fast 1100mV 0C Model Setup 'divisorGenerico:BaseTempo|tick'
Slack : -5.497
TNS   : -2164.003

Type  : Fast 1100mV 0C Model Setup 'CLOCK_50'
Slack : -2.311
TNS   : -31.871

Type  : Fast 1100mV 0C Model Hold 'CLOCK_50'
Slack : 0.191
TNS   : 0.000

Type  : Fast 1100mV 0C Model Hold 'divisorGenerico:BaseTempo|tick'
Slack : 0.231
TNS   : 0.000

Type  : Fast 1100mV 0C Model Minimum Pulse Width 'CLOCK_50'
Slack : -0.312
TNS   : -3.554

Type  : Fast 1100mV 0C Model Minimum Pulse Width 'divisorGenerico:BaseTempo|tick'
Slack : -0.043
TNS   : -2.186

------------------------------------------------------------
